MPASM  5.50                           LCD.ASM   12-26-2019  14:17:50         PAGE  1


LOC  OBJECT CODE     LINE SOURCE TEXT
  VALUE

                      00001 
                      00002 ;///////////////////////////////////////////////////////////////////////////////////////////////////////
                            ////////////
                      00003 ;/// PIC16f877A ile Assembly dilinde LCD kullanma //////////////////////////////////////////////////////
                            //////////// 
                      00004 ;///////////////////////////////////////////////////////////////////////////////////////////////////////
                            ////////////
                      00005  
                      00006  LIST P=16f877A 
                      00007  INCLUDE "P16F877A.INC" 
                      00001         LIST
                      00002 
                      00003 ;==========================================================================
                      00004 ;  MPASM PIC16F877A processor include
                      00005 ; 
                      00006 ;  (c) Copyright 1999-2013 Microchip Technology, All rights reserved
                      00007 ;==========================================================================
                      00008 
                      00566         LIST
2007   3F31           00008  __CONFIG _CP_OFF& _DEBUG_OFF& _WRT_OFF& _CPD_OFF& _LVP_OFF& _BODEN_OFF& _PWRTE_ON& _WDT_OFF& _XT_OSC
                      00009  
Warning[205]: Found directive in column 1. (ORG)
0000                  00010 ORG 0x00 
                      00011 
0000   1303           00012  BCF STATUS,RP1 ; Bank 1'e geç
0001   1683           00013  BSF STATUS,RP0 
Message[302]: Register in operand not in bank 0.  Ensure that bank bits are correct.
0002   0186           00014  CLRF TRISB ; PORTB çıkış (8 bit LCD veri pinleri)
Message[302]: Register in operand not in bank 0.  Ensure that bank bits are correct.
0003   0188           00015  CLRF TRISD ; PORTD çıkış (RD0-R/S, RD1-E)
                      00016  
0004   3007           00017  MOVLW b'00000111'
Message[302]: Register in operand not in bank 0.  Ensure that bank bits are correct.
0005   0081           00018  MOVWF OPTION_REG ; Option Kaydedicisi(TMR0 ön derecelendirici = 1:256)
                      00019  
0006   1283           00020  BCF STATUS,RP0 ; Bank 0'a geç
0007   0186           00021  CLRF PORTB 
0008   0188           00022  CLRF PORTD 
                      00023  
0009   200C           00024  CALL KOMUT_GONDER
                      00025  
000A                  00026 DONGU 
                      00027 
000A   201F           00028  CALL VERI_GONDER
                      00029  
000B   280A           00030  GOTO DONGU
                      00031  
                      00032 ;///////////////////////////////////////////////////////////////////////////////////////////////////////
                            ///////////
                      00033 
000C                  00034 KOMUT_GONDER
                      00035 
000C   1008           00036  BCF PORTD,RD0 ; LCD ye komut göndermek için RS 0 yapıldı
MPASM  5.50                           LCD.ASM   12-26-2019  14:17:50         PAGE  2


LOC  OBJECT CODE     LINE SOURCE TEXT
  VALUE

                      00037  
000D   2057           00038  CALL GECIK
                      00039  
000E   3001           00040  MOVLW b'00000001' ; Ekranı temizle
000F   0086           00041  MOVWF PORTB 
0010   2053           00042  CALL YAZ
0011   2057           00043  CALL GECIK
                      00044  
0012   3038           00045  MOVLW b'00111000' ; LCD 2*16 satır ve 5X7 çözünürlüğünde ayarla
0013   0086           00046  MOVWF PORTB 
0014   2053           00047  CALL YAZ
0015   2057           00048  CALL GECIK
                      00049  
                      00050  
0016   300C           00051  MOVLW b'00001100'  ; İmleç kapalı
                      00052  ;MOVLW b'00001101'  ; İmleç açık
                      00053  ;MOVLW b'00001111'  ; İmleç yanıp sönsün
0017   0086           00054  MOVWF PORTB
0018   2053           00055  CALL YAZ
0019   2057           00056  CALL GECIK
                      00057  
001A   3006           00058  MOVLW b'00000110' ; imleci sağa kaydır
001B   0086           00059  MOVWF PORTB
001C   2053           00060  CALL YAZ
001D   2057           00061  CALL GECIK 
                      00062  
001E   0008           00063  RETURN
                      00064 
                      00065 ;///////////////////////////////////////////////////////////////////////////////////////////////////////
                            ///////////
                      00066  
001F                  00067 VERI_GONDER
                      00068 
001F   1008           00069  BCF PORTD,RD0 ; LCD ye komut göndermek için RS 0 yapıldı
                      00070  
0020   3002           00071  MOVLW b'00000010' ; İmleci başa getir
0021   0086           00072  MOVWF PORTB 
0022   2053           00073  CALL YAZ
0023   2057           00074  CALL GECIK
                      00075  
0024   1408           00076  BSF PORTD,RD0 ; LCD ye veri göndermek için RS 1 yapıldı
                      00077  
0025   2057           00078  CALL GECIK
                      00079  
0026   3054           00080  MOVLW 0x54    ; "T"
0027   0086           00081  MOVWF PORTB
0028   2053           00082  CALL YAZ
0029   2057           00083  CALL GECIK
                      00084  
002A   3061           00085  MOVLW 0x61    ; "a"
002B   0086           00086  MOVWF PORTB
002C   2053           00087  CALL YAZ
002D   2057           00088  CALL GECIK 
MPASM  5.50                           LCD.ASM   12-26-2019  14:17:50         PAGE  3


LOC  OBJECT CODE     LINE SOURCE TEXT
  VALUE

                      00089  
002E   306C           00090  MOVLW 0x6C    ; "l"
002F   0086           00091  MOVWF PORTB
0030   2053           00092  CALL YAZ
0031   2057           00093  CALL GECIK 
                      00094  
0032   3068           00095  MOVLW 0x68    ; "h"
0033   0086           00096  MOVWF PORTB
0034   2053           00097  CALL YAZ
0035   2057           00098  CALL GECIK 
                      00099  
0036   3061           00100  MOVLW 0x61    ; "a"
0037   0086           00101  MOVWF PORTB
0038   2053           00102  CALL YAZ
0039   2057           00103  CALL GECIK 
                      00104  
003A   3000           00105  MOVLW 0x00    ; boşluk
003B   0086           00106  MOVWF PORTB
003C   2053           00107  CALL YAZ
003D   2057           00108  CALL GECIK
                      00109  
003E   304D           00110  MOVLW 0x4D    ; "M"
003F   0086           00111  MOVWF PORTB
0040   2053           00112  CALL YAZ
0041   2057           00113  CALL GECIK 
                      00114  
0042   3075           00115  MOVLW 0x75    ; "u"
0043   0086           00116  MOVWF PORTB
0044   2053           00117  CALL YAZ
0045   2057           00118  CALL GECIK 
                      00119  
0046   3074           00120  MOVLW 0x74    ; "t"
0047   0086           00121  MOVWF PORTB
0048   2053           00122  CALL YAZ
0049   2057           00123  CALL GECIK 
                      00124  
004A   306C           00125  MOVLW 0x6C    ; "l"
004B   0086           00126  MOVWF PORTB
004C   2053           00127  CALL YAZ
004D   2057           00128  CALL GECIK 
                      00129  
004E   3075           00130  MOVLW 0x75    ; "u"
004F   0086           00131  MOVWF PORTB
0050   2053           00132  CALL YAZ
0051   2057           00133  CALL GECIK 
                      00134  
0052   0008           00135  RETURN
                      00136  
                      00137 ;///////////////////////////////////////////////////////////////////////////////////////////////////////
                            ///////////
                      00138 
0053                  00139 YAZ 
                      00140 
MPASM  5.50                           LCD.ASM   12-26-2019  14:17:50         PAGE  4


LOC  OBJECT CODE     LINE SOURCE TEXT
  VALUE

0053   1488           00141  BSF PORTD,1 ; E pin aktif (LCD gelen verileri işler)
0054   0000           00142  NOP         ; Yaklaşık 1 ms kadar bekler (En az 450ns olmalıdır)
0055   1088           00143  BCF PORTD,1 ; E pin pasif
0056   0008           00144  RETURN
                      00145  
                      00146 ;///////////////////////////////////////////////////////////////////////////////////////////////////////
                            ///////////
                      00147 ;/// 5 ms gecikme (TMR0 kullanarak) ////////////////////////////////////////////////////////////////////
                            ///////////
                      00148 ;///////////////////////////////////////////////////////////////////////////////////////////////////////
                            ///////////
                      00149  
0057                  00150 GECIK 
                      00151 
0057   3005           00152  MOVLW .5 
0058   0081           00153  MOVWF TMR0
                      00154  
0059                  00155 A 
                      00156 
0059   1D0B           00157  BTFSS INTCON,2
005A   2859           00158  GOTO A
005B   110B           00159  BCF INTCON,2
005C   0008           00160  RETURN
                      00161  
                      00162 ;///////////////////////////////////////////////////////////////////////////////////////////////////////
                            ///////////
                      00163  
Warning[205]: Found directive in column 1. (END)
                      00164 END
MPASM  5.50                           LCD.ASM   12-26-2019  14:17:50         PAGE  5


SYMBOL TABLE
  LABEL                             VALUE 

A                                 00000059
ACKDT                             00000005
ACKEN                             00000004
ACKSTAT                           00000006
ADCON0                            0000001F
ADCON1                            0000009F
ADCS0                             00000006
ADCS1                             00000007
ADCS2                             00000006
ADDEN                             00000003
ADFM                              00000007
ADIE                              00000006
ADIF                              00000006
ADON                              00000000
ADRESH                            0000001E
ADRESL                            0000009E
BCLIE                             00000003
BCLIF                             00000003
BF                                00000000
BRGH                              00000002
C                                 00000000
C1INV                             00000004
C1OUT                             00000006
C2INV                             00000005
C2OUT                             00000007
CCP1CON                           00000017
CCP1IE                            00000002
CCP1IF                            00000002
CCP1M0                            00000000
CCP1M1                            00000001
CCP1M2                            00000002
CCP1M3                            00000003
CCP1X                             00000005
CCP1Y                             00000004
CCP2CON                           0000001D
CCP2IE                            00000000
CCP2IF                            00000000
CCP2M0                            00000000
CCP2M1                            00000001
CCP2M2                            00000002
CCP2M3                            00000003
CCP2X                             00000005
CCP2Y                             00000004
CCPR1                             00000015
CCPR1H                            00000016
CCPR1L                            00000015
CCPR2                             0000001B
CCPR2H                            0000001C
CCPR2L                            0000001B
CHS0                              00000003
CHS1                              00000004
CHS2                              00000005
CIS                               00000003
MPASM  5.50                           LCD.ASM   12-26-2019  14:17:50         PAGE  6


SYMBOL TABLE
  LABEL                             VALUE 

CKE                               00000006
CKP                               00000004
CM0                               00000000
CM1                               00000001
CM2                               00000002
CMCON                             0000009C
CMIE                              00000006
CMIF                              00000006
CREN                              00000004
CSRC                              00000007
CVR0                              00000000
CVR1                              00000001
CVR2                              00000002
CVR3                              00000003
CVRCON                            0000009D
CVREN                             00000007
CVROE                             00000006
CVRR                              00000005
D                                 00000005
DATA_ADDRESS                      00000005
DC                                00000001
DONGU                             0000000A
D_A                               00000005
D_NOT_A                           00000005
EEADR                             0000010D
EEADRH                            0000010F
EECON1                            0000018C
EECON2                            0000018D
EEDATA                            0000010C
EEDATH                            0000010E
EEIE                              00000004
EEIF                              00000004
EEPGD                             00000007
F                                 00000001
FERR                              00000002
FSR                               00000004
GCEN                              00000007
GECIK                             00000057
GIE                               00000007
GO                                00000002
GO_DONE                           00000002
GO_NOT_DONE                       00000002
I2C_DATA                          00000005
I2C_READ                          00000002
I2C_START                         00000003
I2C_STOP                          00000004
IBF                               00000007
IBOV                              00000005
INDF                              00000000
INTCON                            0000000B
INTE                              00000004
INTEDG                            00000006
INTF                              00000001
MPASM  5.50                           LCD.ASM   12-26-2019  14:17:50         PAGE  7


SYMBOL TABLE
  LABEL                             VALUE 

IRP                               00000007
KOMUT_GONDER                      0000000C
NOT_A                             00000005
NOT_ADDRESS                       00000005
NOT_BO                            00000000
NOT_BOR                           00000000
NOT_DONE                          00000002
NOT_PD                            00000003
NOT_POR                           00000001
NOT_RBPU                          00000007
NOT_RC8                           00000006
NOT_T1SYNC                        00000002
NOT_TO                            00000004
NOT_TX8                           00000006
NOT_W                             00000002
NOT_WRITE                         00000002
OBF                               00000006
OERR                              00000001
OPTION_REG                        00000081
P                                 00000004
PCFG0                             00000000
PCFG1                             00000001
PCFG2                             00000002
PCFG3                             00000003
PCL                               00000002
PCLATH                            0000000A
PCON                              0000008E
PEIE                              00000006
PEN                               00000002
PIE1                              0000008C
PIE2                              0000008D
PIR1                              0000000C
PIR2                              0000000D
PORTA                             00000005
PORTB                             00000006
PORTC                             00000007
PORTD                             00000008
PORTE                             00000009
PR2                               00000092
PS0                               00000000
PS1                               00000001
PS2                               00000002
PSA                               00000003
PSPIE                             00000007
PSPIF                             00000007
PSPMODE                           00000004
R                                 00000002
RA0                               00000000
RA1                               00000001
RA2                               00000002
RA3                               00000003
RA4                               00000004
RA5                               00000005
MPASM  5.50                           LCD.ASM   12-26-2019  14:17:50         PAGE  8


SYMBOL TABLE
  LABEL                             VALUE 

RB0                               00000000
RB1                               00000001
RB2                               00000002
RB3                               00000003
RB4                               00000004
RB5                               00000005
RB6                               00000006
RB7                               00000007
RBIE                              00000003
RBIF                              00000000
RC0                               00000000
RC1                               00000001
RC2                               00000002
RC3                               00000003
RC4                               00000004
RC5                               00000005
RC6                               00000006
RC7                               00000007
RC8_9                             00000006
RC9                               00000006
RCD8                              00000000
RCEN                              00000003
RCIE                              00000005
RCIF                              00000005
RCREG                             0000001A
RCSTA                             00000018
RD                                00000000
RD0                               00000000
RD1                               00000001
RD2                               00000002
RD3                               00000003
RD4                               00000004
RD5                               00000005
RD6                               00000006
RD7                               00000007
RE0                               00000000
RE1                               00000001
RE2                               00000002
READ_WRITE                        00000002
RP0                               00000005
RP1                               00000006
RSEN                              00000001
RX9                               00000006
RX9D                              00000000
R_NOT_W                           00000002
R_W                               00000002
S                                 00000003
SEN                               00000000
SMP                               00000007
SPBRG                             00000099
SPEN                              00000007
SREN                              00000005
SSPADD                            00000093
MPASM  5.50                           LCD.ASM   12-26-2019  14:17:50         PAGE  9


SYMBOL TABLE
  LABEL                             VALUE 

SSPBUF                            00000013
SSPCON                            00000014
SSPCON2                           00000091
SSPEN                             00000005
SSPIE                             00000003
SSPIF                             00000003
SSPM0                             00000000
SSPM1                             00000001
SSPM2                             00000002
SSPM3                             00000003
SSPOV                             00000006
SSPSTAT                           00000094
STATUS                            00000003
SYNC                              00000004
T0CS                              00000005
T0IE                              00000005
T0IF                              00000002
T0SE                              00000004
T1CKPS0                           00000004
T1CKPS1                           00000005
T1CON                             00000010
T1INSYNC                          00000002
T1OSCEN                           00000003
T1SYNC                            00000002
T2CKPS0                           00000000
T2CKPS1                           00000001
T2CON                             00000012
TMR0                              00000001
TMR0IE                            00000005
TMR0IF                            00000002
TMR1                              0000000E
TMR1CS                            00000001
TMR1H                             0000000F
TMR1IE                            00000000
TMR1IF                            00000000
TMR1L                             0000000E
TMR1ON                            00000000
TMR2                              00000011
TMR2IE                            00000001
TMR2IF                            00000001
TMR2ON                            00000002
TOUTPS0                           00000003
TOUTPS1                           00000004
TOUTPS2                           00000005
TOUTPS3                           00000006
TRISA                             00000085
TRISA0                            00000000
TRISA1                            00000001
TRISA2                            00000002
TRISA3                            00000003
TRISA4                            00000004
TRISA5                            00000005
TRISB                             00000086
MPASM  5.50                           LCD.ASM   12-26-2019  14:17:50         PAGE 10


SYMBOL TABLE
  LABEL                             VALUE 

TRISB0                            00000000
TRISB1                            00000001
TRISB2                            00000002
TRISB3                            00000003
TRISB4                            00000004
TRISB5                            00000005
TRISB6                            00000006
TRISB7                            00000007
TRISC                             00000087
TRISC0                            00000000
TRISC1                            00000001
TRISC2                            00000002
TRISC3                            00000003
TRISC4                            00000004
TRISC5                            00000005
TRISC6                            00000006
TRISC7                            00000007
TRISD                             00000088
TRISD0                            00000000
TRISD1                            00000001
TRISD2                            00000002
TRISD3                            00000003
TRISD4                            00000004
TRISD5                            00000005
TRISD6                            00000006
TRISD7                            00000007
TRISE                             00000089
TRISE0                            00000000
TRISE1                            00000001
TRISE2                            00000002
TRMT                              00000001
TX8_9                             00000006
TX9                               00000006
TX9D                              00000000
TXD8                              00000000
TXEN                              00000005
TXIE                              00000004
TXIF                              00000004
TXREG                             00000019
TXSTA                             00000098
UA                                00000001
VERI_GONDER                       0000001F
W                                 00000000
WCOL                              00000007
WR                                00000001
WREN                              00000002
WRERR                             00000003
YAZ                               00000053
Z                                 00000002
_BODEN_OFF                        00003FBF
_BODEN_ON                         00003FFF
_BOREN_OFF                        00003FBF
_BOREN_ON                         00003FFF
MPASM  5.50                           LCD.ASM   12-26-2019  14:17:50         PAGE 11


SYMBOL TABLE
  LABEL                             VALUE 

_CONFIG                           00002007
_CPD_OFF                          00003FFF
_CPD_ON                           00003EFF
_CP_ALL                           00001FFF
_CP_OFF                           00003FFF
_CP_ON                            00001FFF
_DEBUG_OFF                        00003FFF
_DEBUG_ON                         000037FF
_DEVID1                           00002006
_FOSC_EXTRC                       00003FFF
_FOSC_HS                          00003FFE
_FOSC_LP                          00003FFC
_FOSC_XT                          00003FFD
_HS_OSC                           00003FFE
_IDLOC0                           00002000
_IDLOC1                           00002001
_IDLOC2                           00002002
_IDLOC3                           00002003
_LP_OSC                           00003FFC
_LVP_OFF                          00003F7F
_LVP_ON                           00003FFF
_PWRTE_OFF                        00003FFF
_PWRTE_ON                         00003FF7
_RC_OSC                           00003FFF
_WDTE_OFF                         00003FFB
_WDTE_ON                          00003FFF
_WDT_OFF                          00003FFB
_WDT_ON                           00003FFF
_WRT_1FOURTH                      00003BFF
_WRT_256                          00003DFF
_WRT_HALF                         000039FF
_WRT_OFF                          00003FFF
_XT_OSC                           00003FFD
__16F877A                         00000001


MEMORY USAGE MAP ('X' = Used,  '-' = Unused)

0000 : XXXXXXXXXXXXXXXX XXXXXXXXXXXXXXXX XXXXXXXXXXXXXXXX XXXXXXXXXXXXXXXX
0040 : XXXXXXXXXXXXXXXX XXXXXXXXXXXXX--- ---------------- ----------------
2000 : -------X-------- ---------------- ---------------- ----------------

All other memory blocks unused.

Program Memory Words Used:    93
Program Memory Words Free:  8099


MPASM  5.50                           LCD.ASM   12-26-2019  14:17:50         PAGE 12





Errors   :     0
Warnings :     2 reported,     0 suppressed
Messages :     3 reported,     0 suppressed

